// Jest Snapshot v1, https://goo.gl/fbAQLP

exports[`Test if the HeroBannerForTDI component is working as expected <HeroBannerForTDI /> matches snapshot 1`] = `
<div>
  <div
    class="container-fluid bannerStyles d-flex justify-content-center"
    data-testid="hero-banner-for-tdi"
    id="89912a37-a072-5239-988c-5cca28cdf704"
  >
    <div
      class="row containerService paddingLeftRight15"
    >
      <div
        class="col-sm-12 col-md-6 d-flex flex-column justify-content-center px-md-0"
      >
        <div
          class="headerInfo"
        >
          <h1
            class="h1CardTitle white"
            data-aos="fade-up"
          >
            Technology, like art, is a soaring exercise of the human imagination
          </h1>
          <div
            class="subtextStyles"
            data-aos="fade-up"
            data-aos-delay="100"
          >
            <span
              class="border"
            />
            <p
              class="white87  "
            />
            <p
              class="white70"
            >
              Words by one of the greatest sociologists - Daniel Bell
Technology is akin to language in the world of contributing ideas. It's a key arsenal for innovation.
            </p>
          </div>
        </div>
      </div>
      <div
        class="col-sm-12 col-md-6 d-flex align-items-center justify-content-center"
      >
        <div
          class="col-sm-12 col-md-10"
        >
          <div
            class="gatsby-image-wrapper img-fluid"
            data-gatsby-image-wrapper=""
            style="position: relative; overflow: hidden;"
          >
            <div
              aria-hidden="true"
              data-placeholder-image=""
              style="height: 100%; left: 0px; position: absolute; top: 0px; width: 100%;"
            />
            <img
              alt=""
              data-aos="fade-up"
              data-gatsby-image-ssr=""
              data-main-image=""
              data-src="/static/e69b1cdf9d4ee59dca8f2c06a35f8455/9ef3b/tech_hero_deb1d828ab.png"
              data-srcset="/static/e69b1cdf9d4ee59dca8f2c06a35f8455/2a2fc/tech_hero_deb1d828ab.png 233w,/static/e69b1cdf9d4ee59dca8f2c06a35f8455/4c337/tech_hero_deb1d828ab.png 465w,/static/e69b1cdf9d4ee59dca8f2c06a35f8455/9ef3b/tech_hero_deb1d828ab.png 930w"
              decoding="async"
              loading="lazy"
              sizes="(min-width: 930px) 930px, 100vw"
              style="height: 100%; left: 0px; position: absolute; top: 0px; transform: translateZ(0); transition: opacity 250ms linear; width: 100%; will-change: opacity; opacity: 0;"
            />
            <noscript />
            <script
              type="module"
            >
              const t="undefined"!=typeof HTMLImageElement&&"loading"in HTMLImageElement.prototype;if(t){const t=document.querySelectorAll("img[data-main-image]");for(let e of t){e.dataset.src&&(e.setAttribute("src",e.dataset.src),e.removeAttribute("data-src")),e.dataset.srcset&&(e.setAttribute("srcset",e.dataset.srcset),e.removeAttribute("data-srcset"));const t=e.parentNode.querySelectorAll("source[data-srcset]");for(let e of t)e.setAttribute("srcset",e.dataset.srcset),e.removeAttribute("data-srcset");e.complete&&(e.style.opacity=1,e.parentNode.parentNode.querySelector("[data-placeholder-image]").style.opacity=0)}}
            </script>
          </div>
        </div>
      </div>
    </div>
  </div>
</div>
`;
