// Jest Snapshot v1, https://goo.gl/fbAQLP

exports[`Test if the HeroBanner component is working as expected <HeroBanner /> matches snapshot 1`] = `
<div>
  <div
    class="container-fluid heroBannerStyles"
    data-testid="hero-banner"
  >
    <div
      class="logoSection"
    >
      <div
        class="logoMainStyles"
      >
        <img
          alt="NXT Logo"
          class="img-fluid"
          src="https://strapi-stage-nxt.tarento.com/uploads/logo_main_b45ca700bb.svg"
          title="NXT Logo"
        />
      </div>
      <div
        class="logoHeadStyles"
      >
        <img
          alt="NXT logo description"
          class="img-fluid"
          src="https://strapi-stage-nxt.tarento.com/uploads/logo_head_b1dd3ba367.svg"
          title="NXT logo description"
        />
      </div>
    </div>
  </div>
</div>
`;
