// Jest Snapshot v1, https://goo.gl/fbAQLP

exports[`Test if the StoryBanner component is working as expected <StoryBanner /> matches snapshot 1`] = `
<div>
  <div
    class="container-fluid bannerStyles d-flex justify-content-center"
    data-testid="story-banner"
  >
    <div
      class="row containerService paddingLeftRight15"
    >
      <div
        class="col-12 titleStyles px-lg-0"
      >
        <div
          class="
      undefined
        
        
        
        
        
        
        
        h1700
        
        
        white"
          data-aos="fade-up"
          data-testid="primary-title"
        >
          Tech Solutions
        </div>
        <h3
          class="subTitleStyles"
          data-aos="fade-up"
        />
      </div>
      <div
        class="col-lg-6 imgStyles d-flex justify-content-center align-items-center"
      >
        <div
          class="gatsby-image-wrapper img-fluid"
          data-gatsby-image-wrapper=""
          style="position: relative; overflow: hidden;"
        >
          <div
            aria-hidden="true"
            data-placeholder-image=""
            style="height: 100%; left: 0px; position: absolute; top: 0px; width: 100%;"
          />
          <img
            alt=""
            data-aos="fade-up"
            data-gatsby-image-ssr=""
            data-main-image=""
            data-src="/static/4af750352a6c177c7f80d9ed351d244d/6998c/tech_solution_d8d031719f.png"
            data-srcset="/static/4af750352a6c177c7f80d9ed351d244d/fd487/tech_solution_d8d031719f.png 234w,/static/4af750352a6c177c7f80d9ed351d244d/a2a8c/tech_solution_d8d031719f.png 467w,/static/4af750352a6c177c7f80d9ed351d244d/6998c/tech_solution_d8d031719f.png 934w"
            decoding="async"
            loading="lazy"
            sizes="(min-width: 934px) 934px, 100vw"
            style="height: 100%; left: 0px; position: absolute; top: 0px; transform: translateZ(0); transition: opacity 250ms linear; width: 100%; will-change: opacity; opacity: 0;"
          />
          <noscript />
          <script
            type="module"
          >
            const t="undefined"!=typeof HTMLImageElement&&"loading"in HTMLImageElement.prototype;if(t){const t=document.querySelectorAll("img[data-main-image]");for(let e of t){e.dataset.src&&(e.setAttribute("src",e.dataset.src),e.removeAttribute("data-src")),e.dataset.srcset&&(e.setAttribute("srcset",e.dataset.srcset),e.removeAttribute("data-srcset"));const t=e.parentNode.querySelectorAll("source[data-srcset]");for(let e of t)e.setAttribute("srcset",e.dataset.srcset),e.removeAttribute("data-srcset");e.complete&&(e.style.opacity=1,e.parentNode.parentNode.querySelector("[data-placeholder-image]").style.opacity=0)}}
          </script>
        </div>
      </div>
      <div
        class="col-lg-6 d-flex justify-content-center align-items-center"
      >
        <div
          class="whiteBox carbon p-5
            techSolution
            "
        >
          <div
            class=""
            data-aos="fade-up"
          >
            <p>
              <strong>
                Empowering customer experience with data & Insights
              </strong>
            </p>
            <p>
              Aurora customer experience platform brings in the best of data engineering, analytics and user experience design to enable a superior customer support experience.
            </p>
          </div>
          <div
            class=""
          >
            <a
              data-testid="primary-cta"
              href="hello@tarento.com"
            >
              <div
                class="text-center d-flex align-items-center justify-content-center 
      secondaryBtn large undefined"
                data-aos="fade-up"
              >
                <label
                  class="labelStyles"
                >
                  Find out more
                </label>
              </div>
            </a>
          </div>
        </div>
      </div>
    </div>
  </div>
</div>
`;
