// Jest Snapshot v1, https://goo.gl/fbAQLP

exports[`Test if the AcceleratorCard component is working as expected <AcceleratorCard /> matches snapshot 1`] = `
<div>
  <div
    class="col-xs-12 col-sm-12 col-md-4 col-lg-4 mb-4"
    data-testid="accelerator-card"
  >
    <div
      class="cardSize cardOneImg"
      data-aos="fade-up"
      style="background-image: url(https://strapi-stage-nxt.tarento.com/uploads/data_platform_593cf8006d.svg);"
    >
      <p
        class="cardHeader"
        data-aos="fade-up"
      >
        BOLT - Data Platform
      </p>
      <img
        alt="BOLT - Data Platform"
        class="cardLogo"
        data-aos="fade-up"
        src="https://strapi-stage-nxt.tarento.com/uploads/bolt_dark_c35a2582e8.svg"
        title="BOLT - Data Platform"
      />
    </div>
  </div>
</div>
`;
