// Jest Snapshot v1, https://goo.gl/fbAQLP

exports[`Test if the CustomerExpCard component is working as expected <CustomerExpCard /> matches snapshot 1`] = `
<div>
  <div
    class="col-lg-3 col-md-6 col-sm-12 marginBtm1"
    data-testid="customer-exp-card"
    id="b72407f9-f344-56a7-b959-8c53650a273d"
  >
    <div
      class=""
      data-aos="fade-up"
    >
      <div
        class="cxCard"
      >
        <img
          alt="Intuitive Experience"
          class="centerImg"
          data-aos="fade-up"
          src="https://strapi-stage-nxt.tarento.com/uploads/experience_285006c250.svg"
        />
      </div>
    </div>
    <div
      class=""
    >
      <h4
        class="h4400 mt-4"
        data-aos="fade-up"
      >
        Intuitive Experience
      </h4>
    </div>
    <div
      class="mt-4 mb-4"
    >
      <p
        data-aos="fade-up"
      >
        Make the experience as intuitive as possible. Avoid chances for errors, confusion. Ensure that your users have sufficient self help materials when they want to know more. Capture telemetry to understand user behaviour anonymously.
      </p>
    </div>
  </div>
</div>
`;
