// Jest Snapshot v1, https://goo.gl/fbAQLP

exports[`Test if the DesignProcessCard component is working as expected <DesignProcessCard /> matches snapshot 1`] = `
<div>
  <div
    class="col-6 col-md-3 cardStyles"
    data-testid="design-process-card"
  >
    <div
      class="imgStyles"
    >
      <img
        alt="Discover"
        class="img-fluid"
        data-aos="fade-up"
        src="https://strapi-stage-nxt.tarento.com/uploads/discover_img_4bc56123b0.svg"
        title="Discover"
      />
    </div>
    <h4
      class="titleStyles h4500 carbon"
      data-aos="fade-up"
    >
      Discover
    </h4>
  </div>
</div>
`;
