// Jest Snapshot v1, https://goo.gl/fbAQLP

exports[`Test if the PricingCard component is working as expected <PricingCard /> matches snapshot 1`] = `
<div>
  <div
    class="col-sm-12 col-md-6 col-lg-5 col-xl-4"
    data-testid="pricing-card"
  >
    <div
      class="pricingBox bgWhite p-4"
    >
      <div
        class="levelOneBox"
      >
        <div
          class="d-flex align-items-center ps-3 "
        >
          <img
            alt="RAIN"
            data-aos="fade-up"
            src="https://strapi-stage-nxt.tarento.com/uploads/rain_with_circle_ae2744ceec.svg"
          />
          <div
            class="cardHeader ms-4"
            data-aos="fade-up"
          >
            RAIN
          </div>
        </div>
        <div
          class="mt-4 mb-3 ps-3"
          data-aos="fade-up"
        >
          Real time analytics and insights from your business data.
        </div>
      </div>
      <div
        class="basePriceBox"
        data-aos="fade-up"
      >
        €25K
      </div>
      <div
        class="d-flex mt-3 mb-4 ps-3"
      >
        <div
          class="me-3"
        >
          <img
            class="tickStyle"
            data-aos="fade-up"
            src="test-file-stub"
          />
        </div>
        <span
          data-aos="fade-up"
        />
      </div>
      <div
        class="d-flex mt-3 mb-4 ps-3"
      >
        <div
          class="me-3"
        >
          <img
            class="tickStyle"
            data-aos="fade-up"
            src="test-file-stub"
          />
        </div>
        <span
          data-aos="fade-up"
        />
      </div>
      <div
        class="supportBar"
      >
        <p
          data-aos="fade-up"
        >
          €3000 per year
           
        </p>
        <span
          class="floatRight"
          data-aos="fade-up"
        >
           
          Support
          <span
            class="optional"
            data-aos="fade-up"
          >
            (Optional)
          </span>
        </span>
      </div>
      <div
        class="d-flex mt-3 mb-4 ps-3"
      >
        <div
          class="me-3"
        >
          <img
            class="tickStyle"
            data-aos="fade-up"
            src="test-file-stub"
          />
        </div>
        <span
          data-aos="fade-up"
        />
      </div>
      <div
        class="d-flex mt-3 mb-4 ps-3"
      >
        <div
          class="me-3"
        >
          <img
            class="tickStyle"
            data-aos="fade-up"
            src="test-file-stub"
          />
        </div>
        <span
          data-aos="fade-up"
        />
      </div>
    </div>
  </div>
</div>
`;
