// Jest Snapshot v1, https://goo.gl/fbAQLP

exports[`Test if the ProductCard component is working as expected <ProductCard /> matches snapshot 1`] = `
<div>
  <div
    class="container-fluid proCard "
    data-testid="product-card"
    style="background-image: url(https://strapi-stage-nxt.tarento.com/uploads/tech_bolt_2f3dc77aa7.png);"
  >
    <div
      class="titleStyles cardHeader "
    >
      <span
        data-aos="fade-up"
      >
        Bolt - Data platform
      </span>
    </div>
    <div
      class="logoStyles"
    >
      <img
        alt="Bolt - Data platform"
        data-aos="fade-up"
        src="https://strapi-stage-nxt.tarento.com/uploads/tech_bolt_dark_94a1e2c631.svg"
        title="Bolt - Data platform"
        width="80"
      />
    </div>
  </div>
</div>
`;
