// Jest Snapshot v1, https://goo.gl/fbAQLP

exports[`Test if the TriCard component is working as expected <TriCard /> matches snapshot 1`] = `
<div>
  <div
    class="container-fluid triCardStyles bgOxideBlue   "
    data-testid="tri-card"
  >
    <div
      class="imgStyles"
    >
      <img
        alt="TECHNOLOGY"
        data-aos="fade-up"
        data-aos-delay="500"
        src="https://strapi-stage-nxt.tarento.com/uploads/technology_de1bb99b6d.svg"
        title="TECHNOLOGY"
      />
    </div>
    <div
      class="titleStyles"
      data-aos="fade-up"
    >
      <div
        class="
      undefined
        
        
        
        
        cardHeader
        
        
        
        
        
        
        white"
        data-aos="fade-up"
        data-testid="primary-title"
      >
        TECHNOLOGY
      </div>
    </div>
  </div>
</div>
`;
